---
source: diagweave/tests/report_snapshots.rs
assertion_line: 122
expression: output
---
{"schema_version":"v0.2.0","error":{"message":"api unauthorized","type":"report_snapshots::report_common::ApiError"},"metadata":{"error_code":"API.UNAUTHORIZED","severity":"error","category":"auth","retryable":false},"diagnostic_bag":{},"trace":{},"context":{"entries":[{"key":"request_id","value":{"kind":"string","value":"req-json-snap"}}]},"system":{"entries":[]},"attachments":[{"kind":"note","message":"token rejected"},{"kind":"payload","name":"response","value":{"kind":"bytes","value":[7,8,9]},"media_type":"application/octet-stream"}]}
