---
source: diagweave/tests/report_snapshots.rs
expression: output
---
{"schema_version":"v0.1.0","error":{"message":"api unauthorized","type":"report_snapshots::report_common::ApiError"},"metadata":{},"diagnostic_bag":{"diagnostic_source_errors":{"roots":[0,1],"nodes":[{"message":"auth invalid token","type":"report_snapshots::report_common::AuthError","source_roots":[]},{"message":"network down","type":"std::io::error::Error","source_roots":[]}],"truncated":false,"cycle_detected":false}},"trace":{},"context":{},"system":{},"attachments":[]}
