---
source: diagweave/tests/report_snapshots.rs
expression: output
---
{"records":[{"name":"exception","body":{"String":"api unauthorized"},"severity_text":"error","severity_number":17,"attributes":[{"key":"attachment.payload.response_body","value":{"Bytes":[1,2,3,4]}},{"key":"attachment.payload.response_body.media_type","value":{"String":"application/json"}},{"key":"error.category","value":{"String":"payment"}},{"key":"exception.message","value":{"String":"api unauthorized"}},{"key":"exception.raw_data","value":{"KvList":[{"key":"message","value":{"String":"api unauthorized"}},{"key":"type","value":{"String":"report_snapshots::report_common::ApiError"}}]}},{"key":"exception.type","value":{"String":"report_snapshots::report_common::ApiError"}},{"key":"order_id","value":{"String":"ord-9002"}}]}]}
